# libpskc.map - linker version script for libpskc
# Copyright (C) 2012-2013 Simon Josefsson
#
# This library is free software; you can redistribute it and/or
# modify it under the terms of the GNU Lesser General Public License
# as published by the Free Software Foundation; either version 2.1 of
# the License, or (at your option) any later version.
#
# This library is distributed in the hope that it will be useful, but
# WITHOUT ANY WARRANTY; without even the implied warranty of
# MERCHANTABILITY or FITNESS FOR A PARTICULAR PURPOSE.  See the GNU
# Lesser General Public License for more details.
#
# You should have received a copy of the GNU Lesser General Public
# License along with this library; if not, write to the Free Software
# Foundation, Inc., 51 Franklin Street, Fifth Floor, Boston, MA
# 02110-1301 USA

LIBPSKC_2.0.0 {
  global:
    pskc_build_xml;
    pskc_check_version;
    pskc_done;
    pskc_free;
    pskc_get_cryptomodule_id;
    pskc_get_device_devicebinding;
    pskc_get_device_expirydate;
    pskc_get_device_issueno;
    pskc_get_device_manufacturer;
    pskc_get_device_model;
    pskc_get_device_serialno;
    pskc_get_device_startdate;
    pskc_get_device_userid;
    pskc_get_id;
    pskc_get_key_algorithm;
    pskc_get_key_algparm_chall_checkdigits;
    pskc_get_key_algparm_chall_encoding;
    pskc_get_key_algparm_chall_max;
    pskc_get_key_algparm_chall_min;
    pskc_get_key_algparm_resp_checkdigits;
    pskc_get_key_algparm_resp_encoding;
    pskc_get_key_algparm_resp_length;
    pskc_get_key_algparm_suite;
    pskc_get_key_data_b64secret;
    pskc_get_key_data_counter;
    pskc_get_key_data_secret;
    pskc_get_key_data_time;
    pskc_get_key_data_timedrift;
    pskc_get_key_data_timeinterval;
    pskc_get_key_friendlyname;
    pskc_get_key_id;
    pskc_get_key_issuer;
    pskc_get_key_policy_expirydate;
    pskc_get_key_policy_keyusages;
    pskc_get_key_policy_numberoftransactions;
    pskc_get_key_policy_pinencoding;
    pskc_get_key_policy_pinkeyid;
    pskc_get_key_policy_pinmaxfailedattempts;
    pskc_get_key_policy_pinmaxlength;
    pskc_get_key_policy_pinminlength;
    pskc_get_key_policy_pinusagemode;
    pskc_get_key_policy_startdate;
    pskc_get_key_policy_usage;
    pskc_get_key_profileid;
    pskc_get_key_reference;
    pskc_get_key_userid;
    pskc_get_keypackage;
    pskc_get_signed_p;
    pskc_get_version;
    pskc_global_done;
    pskc_global_init;
    pskc_global_log;
    pskc_init;
    pskc_keyusage2str;
    pskc_output;
    pskc_parse_from_memory;
    pskc_pinusagemode2str;
    pskc_sign_x509;
    pskc_str2keyusage;
    pskc_str2pinusagemode;
    pskc_str2valueformat;
    pskc_strerror;
    pskc_strerror_name;
    pskc_validate;
    pskc_valueformat2str;
    pskc_verify_x509crt;

  local:
    *;
};
